Archive member included because of file (symbol)

.\CortexM3\ARM_GCC_493\Debug\Design01.a(cyfitter_cfg.o)
                              .\CortexM3\ARM_GCC_493\Debug\Cm3Start.o (cyfitter_cfg)
.\CortexM3\ARM_GCC_493\Debug\Design01.a(CyLib.o)
                              .\CortexM3\ARM_GCC_493\Debug\Cm3Start.o (CyHalt)
.\CortexM3\ARM_GCC_493\Debug\Design01.a(cyPm.o)
                              .\CortexM3\ARM_GCC_493\Debug\Design01.a(CyLib.o) (CyPmReadStatus)
.\CortexM3\ARM_GCC_493\Debug\Design01.a(UART_TO_COMM.o)
                              .\CortexM3\ARM_GCC_493\Debug\PSC_Communicate.o (UART_TO_COMM_Init)
.\CortexM3\ARM_GCC_493\Debug\Design01.a(UART_TO_COMM_INT.o)
                              .\CortexM3\ARM_GCC_493\Debug\Design01.a(UART_TO_COMM.o) (UART_TO_COMM_RXISR)
.\CortexM3\ARM_GCC_493\Debug\Design01.a(UART_TO_CAMERA.o)
                              .\CortexM3\ARM_GCC_493\Debug\PSC_Communicate.o (UART_TO_CAMERA_Init)
.\CortexM3\ARM_GCC_493\Debug\Design01.a(UART_TO_CAMERA_INT.o)
                              .\CortexM3\ARM_GCC_493\Debug\Design01.a(UART_TO_CAMERA.o) (UART_TO_CAMERA_RXISR)
.\CortexM3\ARM_GCC_493\Debug\Design01.a(UART_TO_COMM_IntClock.o)
                              .\CortexM3\ARM_GCC_493\Debug\Design01.a(UART_TO_COMM.o) (UART_TO_COMM_IntClock_Start)
.\CortexM3\ARM_GCC_493\Debug\Design01.a(UART_TO_CAMERA_IntClock.o)
                              .\CortexM3\ARM_GCC_493\Debug\Design01.a(UART_TO_CAMERA.o) (UART_TO_CAMERA_IntClock_Start)
.\CortexM3\ARM_GCC_493\Debug\Design01.a(UART_TO_DEBUG.o)
                              .\CortexM3\ARM_GCC_493\Debug\Debugs.o (UART_TO_DEBUG_Init)
.\CortexM3\ARM_GCC_493\Debug\Design01.a(UART_TO_DEBUG_IntClock.o)
                              .\CortexM3\ARM_GCC_493\Debug\Design01.a(UART_TO_DEBUG.o) (UART_TO_DEBUG_IntClock_Start)
.\CortexM3\ARM_GCC_493\Debug\Design01.a(CyBootAsmGnu.o)
                              .\CortexM3\ARM_GCC_493\Debug\Design01.a(cyfitter_cfg.o) (CyDelayCycles)
.\CortexM3\ARM_GCC_493\Debug\Design01.a(CyFlash.o)
                              .\CortexM3\ARM_GCC_493\Debug\Design01.a(cyPm.o) (CyFlash_SetWaitCycles)
.\CortexM3\ARM_GCC_493\Debug\Design01.a(CySpc.o)
                              .\CortexM3\ARM_GCC_493\Debug\Design01.a(CyFlash.o) (CySpcStart)
c:/program files (x86)/cypress/psoc creator/4.0/psoc creator/import/gnu/arm/4.9.3/bin/../lib/gcc/arm-none-eabi/4.9.3/../../../../arm-none-eabi/lib/armv7-m\libg_nano.a(lib_a-errno.o)
                              .\CortexM3\ARM_GCC_493\Debug\Cm3Start.o (__errno)
c:/program files (x86)/cypress/psoc creator/4.0/psoc creator/import/gnu/arm/4.9.3/bin/../lib/gcc/arm-none-eabi/4.9.3/../../../../arm-none-eabi/lib/armv7-m\libg_nano.a(lib_a-exit.o)
                              c:/program files (x86)/cypress/psoc creator/4.0/psoc creator/import/gnu/arm/4.9.3/bin/../lib/gcc/arm-none-eabi/4.9.3/../../../../arm-none-eabi/lib/armv7-m/crt0.o (exit)
c:/program files (x86)/cypress/psoc creator/4.0/psoc creator/import/gnu/arm/4.9.3/bin/../lib/gcc/arm-none-eabi/4.9.3/../../../../arm-none-eabi/lib/armv7-m\libg_nano.a(lib_a-impure.o)
                              c:/program files (x86)/cypress/psoc creator/4.0/psoc creator/import/gnu/arm/4.9.3/bin/../lib/gcc/arm-none-eabi/4.9.3/../../../../arm-none-eabi/lib/armv7-m\libg_nano.a(lib_a-exit.o) (_global_impure_ptr)
c:/program files (x86)/cypress/psoc creator/4.0/psoc creator/import/gnu/arm/4.9.3/bin/../lib/gcc/arm-none-eabi/4.9.3/../../../../arm-none-eabi/lib/armv7-m\libg_nano.a(lib_a-init.o)
                              c:/program files (x86)/cypress/psoc creator/4.0/psoc creator/import/gnu/arm/4.9.3/bin/../lib/gcc/arm-none-eabi/4.9.3/../../../../arm-none-eabi/lib/armv7-m/crt0.o (__libc_init_array)
c:/program files (x86)/cypress/psoc creator/4.0/psoc creator/import/gnu/arm/4.9.3/bin/../lib/gcc/arm-none-eabi/4.9.3/../../../../arm-none-eabi/lib/armv7-m\libg_nano.a(lib_a-memcpy.o)
                              .\CortexM3\ARM_GCC_493\Debug\Design01.a(cyfitter_cfg.o) (memcpy)
c:/program files (x86)/cypress/psoc creator/4.0/psoc creator/import/gnu/arm/4.9.3/bin/../lib/gcc/arm-none-eabi/4.9.3/../../../../arm-none-eabi/lib/armv7-m\libg_nano.a(lib_a-memset.o)
                              c:/program files (x86)/cypress/psoc creator/4.0/psoc creator/import/gnu/arm/4.9.3/bin/../lib/gcc/arm-none-eabi/4.9.3/../../../../arm-none-eabi/lib/armv7-m/crt0.o (memset)
c:/program files (x86)/cypress/psoc creator/4.0/psoc creator/import/gnu/arm/4.9.3/bin/../lib/gcc/arm-none-eabi/4.9.3/../../../../arm-none-eabi/lib/armv7-m\libg_nano.a(lib_a-sprintf.o)
                              .\CortexM3\ARM_GCC_493\Debug\PSC_Communicate.o (sprintf)
c:/program files (x86)/cypress/psoc creator/4.0/psoc creator/import/gnu/arm/4.9.3/bin/../lib/gcc/arm-none-eabi/4.9.3/../../../../arm-none-eabi/lib/armv7-m\libg_nano.a(lib_a-nano-svfprintf.o)
[...]
Memory Configuration

Name             Origin             Length             Attributes
rom              0x00000000         0x00040000         xr
ram              0x1fff8000         0x00010000         xrw
*default*        0x00000000         0xffffffff

Linker script and memory map

LOAD c:/program files (x86)/cypress/psoc creator/4.0/psoc creator/import/gnu/arm/4.9.3/bin/../lib/gcc/arm-none-eabi/4.9.3/armv7-m/crti.o
LOAD c:/program files (x86)/cypress/psoc creator/4.0/psoc creator/import/gnu/arm/4.9.3/bin/../lib/gcc/arm-none-eabi/4.9.3/armv7-m/crtbegin.o
LOAD c:/program files (x86)/cypress/psoc creator/4.0/psoc creator/import/gnu/arm/4.9.3/bin/../lib/gcc/arm-none-eabi/4.9.3/../../../../arm-none-eabi/lib/armv7-m/crt0.o
START GROUP
LOAD .\CortexM3\ARM_GCC_493\Debug\main.o
LOAD .\CortexM3\ARM_GCC_493\Debug\PSC_Communicate.o
LOAD .\CortexM3\ARM_GCC_493\Debug\PSC_Camera.o
LOAD .\CortexM3\ARM_GCC_493\Debug\PSC_MAIN.o
LOAD .\CortexM3\ARM_GCC_493\Debug\PSC_CMD_API.o
LOAD .\CortexM3\ARM_GCC_493\Debug\PSC_Proc_CameraShot.o
LOAD .\CortexM3\ARM_GCC_493\Debug\Debugs.o
LOAD .\CortexM3\ARM_GCC_493\Debug\cymetadata.o
LOAD .\CortexM3\ARM_GCC_493\Debug\Cm3Start.o
LOAD .\CortexM3\ARM_GCC_493\Debug\Design01.a
LOAD C:\Program Files (x86)\Cypress\PSoC Creator\4.0\PSoC Creator\psoc\content\cycomponentlibrary\CyComponentLibrary.cylib\CortexM3\ARM_GCC_493\Debug\CyComponentLibrary.a
END GROUP
START GROUP
LOAD c:/program files (x86)/cypress/psoc creator/4.0/psoc creator/import/gnu/arm/4.9.3/bin/../lib/gcc/arm-none-eabi/4.9.3/armv7-m\libgcc.a
LOAD c:/program files (x86)/cypress/psoc creator/4.0/psoc creator/import/gnu/arm/4.9.3/bin/../lib/gcc/arm-none-eabi/4.9.3/../../../../arm-none-eabi/lib/armv7-m\libg_nano.a
LOAD c:/program files (x86)/cypress/psoc creator/4.0/psoc creator/import/gnu/arm/4.9.3/bin/../lib/gcc/arm-none-eabi/4.9.3/../../../../arm-none-eabi/lib/armv7-m\libc_nano.a
END GROUP
START GROUP
LOAD c:/program files (x86)/cypress/psoc creator/4.0/psoc creator/import/gnu/arm/4.9.3/bin/../lib/gcc/arm-none-eabi/4.9.3/armv7-m\libgcc.a
LOAD c:/program files (x86)/cypress/psoc creator/4.0/psoc creator/import/gnu/arm/4.9.3/bin/../lib/gcc/arm-none-eabi/4.9.3/../../../../arm-none-eabi/lib/armv7-m\libc_nano.a
END GROUP
LOAD c:/program files (x86)/cypress/psoc creator/4.0/psoc creator/import/gnu/arm/4.9.3/bin/../lib/gcc/arm-none-eabi/4.9.3/armv7-m/crtend.o
LOAD c:/program files (x86)/cypress/psoc creator/4.0/psoc creator/import/gnu/arm/4.9.3/bin/../lib/gcc/arm-none-eabi/4.9.3/armv7-m/crtn.o
START GROUP
LOAD c:/program files (x86)/cypress/psoc creator/4.0/psoc creator/import/gnu/arm/4.9.3/bin/../lib/gcc/arm-none-eabi/4.9.3/armv7-m\libgcc.a
LOAD c:/program files (x86)/cypress/psoc creator/4.0/psoc creator/import/gnu/arm/4.9.3/bin/../lib/gcc/arm-none-eabi/4.9.3/../../../../arm-none-eabi/lib/armv7-m\libc.a
LOAD c:/program files (x86)/cypress/psoc creator/4.0/psoc creator/import/gnu/arm/4.9.3/bin/../lib/gcc/arm-none-eabi/4.9.3/../../../../arm-none-eabi/lib/armv7-m\libnosys.a
END GROUP
                0x00000000                CY_APPL_ORIGIN = 0x0
                0x00000100                CY_FLASH_ROW_SIZE = 0x100
                0x00000020                CY_ECC_ROW_SIZE = 0x20
                0x00000000                CY_EE_IN_BTLDR = 0x0
                0x00000000                CY_APPL_LOADABLE = 0x0
                0x00000800                CY_EE_SIZE = 0x800
                0x00000001                CY_APPL_NUM = 0x1
                0x00000001                CY_APPL_MAX = 0x1
                0x00000040                CY_METADATA_SIZE = 0x40
                0x00000000                CY_APPL_LOADABLE = 0x0
                0x00000000                CY_CHECKSUM_EXCLUDE_SIZE = ALIGN (0x0, CY_FLASH_ROW_SIZE)
                0x1fff82d0                PROVIDE (__cy_heap_start, _end)
                0x00000001                PROVIDE (__cy_region_num, ((__cy_regions_end - __cy_regions) / 0x10))
                0x20008000                PROVIDE (__cy_stack, (ORIGIN (ram) + 0x10000))
                0x20007800                PROVIDE (__cy_heap_end, (__cy_stack - 0x800))

.cybootloader   0x00000000        0x0
 *(.cybootloader)
                0x00000000                appl1_start = CY_APPL_ORIGIN?CY_APPL_ORIGIN:ALIGN (CY_FLASH_ROW_SIZE)
                0x0001ff00                appl2_start = (appl1_start + ALIGN ((((0x40000 - appl1_start) - (0x2 * CY_FLASH_ROW_SIZE)) / 0x2), CY_FLASH_ROW_SIZE))
                0x00000000                appl_start = (CY_APPL_NUM == 0x1)?appl1_start:appl2_start
                0x00000000                ecc_offset = ((appl_start / CY_FLASH_ROW_SIZE) * CY_ECC_ROW_SIZE)
                0x00000000                ee_offset = (CY_APPL_LOADABLE && ! (CY_EE_IN_BTLDR))?((CY_EE_SIZE / CY_APPL_MAX) * (CY_APPL_NUM - 0x1)):0x0
                0x00000800                ee_size = (CY_APPL_LOADABLE && ! (CY_EE_IN_BTLDR))?(CY_EE_SIZE / CY_APPL_MAX):CY_EE_SIZE
                0x00000000                PROVIDE (CY_ECC_OFFSET, ecc_offset)

.text           0x00000000     0x189c
 CREATE_OBJECT_SYMBOLS
                0x00000000                PROVIDE (__cy_interrupt_vector, RomVectors)
 *(.romvectors)
 .romvectors    0x00000000       0x10 .\CortexM3\ARM_GCC_493\Debug\Cm3Start.o
                0x00000000                RomVectors
                0x00000001                ASSERT ((. != __cy_interrupt_vector), No interrupt vector)
                0x00000001                ASSERT (CY_APPL_ORIGIN?(SIZEOF (.cybootloader) <= CY_APPL_ORIGIN):0x1, Wrong image location)
                0x00000010                PROVIDE (__cy_reset, Reset)
 *(.text.Reset)
 .text.Reset    0x00000010       0x18 .\CortexM3\ARM_GCC_493\Debug\Cm3Start.o
                0x00000010                Reset
                0x00000001                ASSERT ((. != __cy_reset), No reset code)
 *(.dma_init)
                0x00000001                ASSERT ((((appl_start + .) <= 0x10000) || 0x1), DMA Init must be within the first 64k of flash)
 *(.text .text.* .gnu.linkonce.t.*)
 .text          0x00000028       0x5c c:/program files (x86)/cypress/psoc creator/4.0/psoc creator/import/gnu/arm/4.9.3/bin/../lib/gcc/arm-none-eabi/4.9.3/armv7-m/crtbegin.o
 .text.main     0x00000084        0xc .\CortexM3\ARM_GCC_493\Debug\main.o
                0x00000084                main
 .text.PSC_Comm_Initialize
                0x00000090       0x18 .\CortexM3\ARM_GCC_493\Debug\PSC_Communicate.o
                0x00000090                PSC_Comm_Initialize
 .text.psc_Comm_GetRecvChar
                0x000000a8       0x20 .\CortexM3\ARM_GCC_493\Debug\PSC_Communicate.o
                0x000000a8                psc_Comm_GetRecvChar
 .text.psc_Comm_GetRecvLine
                0x000000c8       0x54 .\CortexM3\ARM_GCC_493\Debug\PSC_Communicate.o
                0x000000c8                psc_Comm_GetRecvLine
 .text.PSC_Comm_GetCommand
                0x0000011c        0xc .\CortexM3\ARM_GCC_493\Debug\PSC_Communicate.o
                0x0000011c                PSC_Comm_GetCommand
 .text.PSC_Comm_SndCommand
                0x00000128       0x58 .\CortexM3\ARM_GCC_493\Debug\PSC_Communicate.o
                0x00000128                PSC_Comm_SndCommand
 .text.psc_Initialize
                0x00000180       0x2c .\CortexM3\ARM_GCC_493\Debug\PSC_MAIN.o
                0x00000180                psc_Initialize
 .text.psc_CmdHandle
                0x000001ac       0x44 .\CortexM3\ARM_GCC_493\Debug\PSC_MAIN.o
                0x000001ac                psc_CmdHandle
 .text.psc_Main_Idle
                0x000001f0       0x30 .\CortexM3\ARM_GCC_493\Debug\PSC_MAIN.o
                0x000001f0                psc_Main_Idle
 .text.psc_Main_Run
                0x00000220       0x34 .\CortexM3\ARM_GCC_493\Debug\PSC_MAIN.o
                0x00000220                psc_Main_Run
 .text.psc_Main
                0x00000254       0x44 .\CortexM3\ARM_GCC_493\Debug\PSC_MAIN.o
                0x00000254                psc_Main
 .text.PSC_PROGRAM_START
                0x00000298        0x8 .\CortexM3\ARM_GCC_493\Debug\PSC_MAIN.o
                0x00000298                PSC_PROGRAM_START
 .text.PSC_CMD_CREATE_CONTEXT
                0x000002a0       0x10 .\CortexM3\ARM_GCC_493\Debug\PSC_CMD_API.o
                0x000002a0                PSC_CMD_CREATE_CONTEXT
 .text.PSC_CMD_RECV_SETUP
                0x000002b0       0x1c .\CortexM3\ARM_GCC_493\Debug\PSC_CMD_API.o
                0x000002b0                PSC_CMD_RECV_SETUP
 .text.PSC_CMD_GET_RCV_STATE
                0x000002cc        0xc .\CortexM3\ARM_GCC_493\Debug\PSC_CMD_API.o
                0x000002cc                PSC_CMD_GET_RCV_STATE
 .text.PSC_CMD_PARSE_COMMAND
                0x000002d8        0x8 .\CortexM3\ARM_GCC_493\Debug\PSC_CMD_API.o
                0x000002d8                PSC_CMD_PARSE_COMMAND
 .text.PSC_CMD_GET_COMMAND
                0x000002e0        0x8 .\CortexM3\ARM_GCC_493\Debug\PSC_CMD_API.o
                0x000002e0                PSC_CMD_GET_COMMAND
 .text.PSC_CMD_SET_DEVICE_ID
                0x000002e8        0x8 .\CortexM3\ARM_GCC_493\Debug\PSC_CMD_API.o
                0x000002e8                PSC_CMD_SET_DEVICE_ID
 .text.PSC_CMD_SET_RECV_DATA
                0x000002f0       0x5c .\CortexM3\ARM_GCC_493\Debug\PSC_CMD_API.o
                0x000002f0                PSC_CMD_SET_RECV_DATA
 .text.psc_cmd_Set_Recv_Data
                0x0000034c       0x14 .\CortexM3\ARM_GCC_493\Debug\PSC_CMD_API.o
                0x0000034c                psc_cmd_Set_Recv_Data
 .text.psc_cmd_Set_Recv_Header
                0x00000360        0xc .\CortexM3\ARM_GCC_493\Debug\PSC_CMD_API.o
                0x00000360                psc_cmd_Set_Recv_Header
 .text.psc_cmd_Set_Recv_Body
                0x0000036c        0xc .\CortexM3\ARM_GCC_493\Debug\PSC_CMD_API.o
                0x0000036c                psc_cmd_Set_Recv_Body
 .text.psc_cmd_Set_Recv_End
                0x00000378        0xc .\CortexM3\ARM_GCC_493\Debug\PSC_CMD_API.o
                0x00000378                psc_cmd_Set_Recv_End
 .text.PSC_Proc_CameraShot_Init
                0x00000384       0x20 .\CortexM3\ARM_GCC_493\Debug\PSC_Proc_CameraShot.o
                0x00000384                PSC_Proc_CameraShot_Init
 .text.psc_Proc_CameraShot_Complete
                0x000003a4       0x1c .\CortexM3\ARM_GCC_493\Debug\PSC_Proc_CameraShot.o
                0x000003a4                psc_Proc_CameraShot_Complete
 .text.psc_Proc_CameraShot_Get
                0x000003c0       0x30 .\CortexM3\ARM_GCC_493\Debug\PSC_Proc_CameraShot.o
                0x000003c0                psc_Proc_CameraShot_Get
 .text.psc_Proc_CameraShot_ResetCamera
                0x000003f0       0x30 .\CortexM3\ARM_GCC_493\Debug\PSC_Proc_CameraShot.o
                0x000003f0                psc_Proc_CameraShot_ResetCamera
 .text.psc_Proc_CameraShot_Baurate
                0x00000420       0x10 .\CortexM3\ARM_GCC_493\Debug\PSC_Proc_CameraShot.o
                0x00000420                psc_Proc_CameraShot_Baurate
 .text.psc_Proc_CameraShot_ConfigDataSize
                0x00000430       0x30 .\CortexM3\ARM_GCC_493\Debug\PSC_Proc_CameraShot.o
                0x00000430                psc_Proc_CameraShot_ConfigDataSize
 .text.psc_Proc_CameraShot_TakePicture
                0x00000460       0x30 .\CortexM3\ARM_GCC_493\Debug\PSC_Proc_CameraShot.o
                0x00000460                psc_Proc_CameraShot_TakePicture
 .text.psc_Proc_CameraShot_LoadDataSize
                0x00000490       0x30 .\CortexM3\ARM_GCC_493\Debug\PSC_Proc_CameraShot.o
                0x00000490                psc_Proc_CameraShot_LoadDataSize
 .text.psc_Proc_CameraShot_LoadData
                0x000004c0       0x30 .\CortexM3\ARM_GCC_493\Debug\PSC_Proc_CameraShot.o
                0x000004c0                psc_Proc_CameraShot_LoadData
 .text.PSC_Proc_CameraShot_Main
                0x000004f0       0xd0 .\CortexM3\ARM_GCC_493\Debug\PSC_Proc_CameraShot.o
                0x000004f0                PSC_Proc_CameraShot_Main
 .text.DBG_Init
                0x000005c0        0xc .\CortexM3\ARM_GCC_493\Debug\Debugs.o
                0x000005c0                DBG_Init
 .text.DBG_printf
                0x000005cc        0x4 .\CortexM3\ARM_GCC_493\Debug\Debugs.o
                0x000005cc                DBG_printf
 .text.IntDefaultHandler
                0x000005d0       0x10 .\CortexM3\ARM_GCC_493\Debug\Cm3Start.o
                0x000005d0                IntDefaultHandler
 .text._sbrk    0x000005e0       0x30 .\CortexM3\ARM_GCC_493\Debug\Cm3Start.o
                0x000005e0                _sbrk
 .text.Start_c  0x00000610       0x4c .\CortexM3\ARM_GCC_493\Debug\Cm3Start.o
                0x00000610                Start_c
 .text.initialize_psoc
                0x0000065c       0x74 .\CortexM3\ARM_GCC_493\Debug\Cm3Start.o
                0x0000065c                initialize_psoc
 .text.CyClockStartupError
                0x000006d0        0x4 .\CortexM3\ARM_GCC_493\Debug\Design01.a(cyfitter_cfg.o)
 .text.cfg_write_bytes32
                0x000006d4       0x34 .\CortexM3\ARM_GCC_493\Debug\Design01.a(cyfitter_cfg.o)
 .text.AnalogSetDefault
                0x00000708       0x28 .\CortexM3\ARM_GCC_493\Debug\Design01.a(cyfitter_cfg.o)
 .text.CYMEMZERO
                0x00000730        0xc .\CortexM3\ARM_GCC_493\Debug\Design01.a(cyfitter_cfg.o)
 .text.ClockSetup
                0x0000073c       0xdc .\CortexM3\ARM_GCC_493\Debug\Design01.a(cyfitter_cfg.o)
 .text.CYCONFIGCPY
                0x00000818        0x8 .\CortexM3\ARM_GCC_493\Debug\Design01.a(cyfitter_cfg.o)
 .text.cyfitter_cfg
                0x00000820      0x120 .\CortexM3\ARM_GCC_493\Debug\Design01.a(cyfitter_cfg.o)
                0x00000820                cyfitter_cfg
 .text.CyHalt   0x00000940        0x4 .\CortexM3\ARM_GCC_493\Debug\Design01.a(CyLib.o)
                0x00000940                CyHalt
 .text.CyDelay  0x00000944       0x2c .\CortexM3\ARM_GCC_493\Debug\Design01.a(CyLib.o)
                0x00000944                CyDelay
 .text.CyIntSetVector
                0x00000970       0x28 .\CortexM3\ARM_GCC_493\Debug\Design01.a(CyLib.o)
                0x00000970                CyIntSetVector
 .text.CyIntSetPriority
                0x00000998       0x30 .\CortexM3\ARM_GCC_493\Debug\Design01.a(CyLib.o)
                0x00000998                CyIntSetPriority
 .text.UART_TO_COMM_Init
                0x000009c8       0x60 .\CortexM3\ARM_GCC_493\Debug\Design01.a(UART_TO_COMM.o)
                0x000009c8                UART_TO_COMM_Init
 .text.UART_TO_COMM_Enable
                0x00000a28       0x50 .\CortexM3\ARM_GCC_493\Debug\Design01.a(UART_TO_COMM.o)
                0x00000a28                UART_TO_COMM_Enable
 .text.UART_TO_COMM_Start
                0x00000a78       0x1c .\CortexM3\ARM_GCC_493\Debug\Design01.a(UART_TO_COMM.o)
                0x00000a78                UART_TO_COMM_Start
 .text.UART_TO_COMM_GetChar
                0x00000a94       0x80 .\CortexM3\ARM_GCC_493\Debug\Design01.a(UART_TO_COMM.o)
                0x00000a94                UART_TO_COMM_GetChar
 .text.UART_TO_COMM_PutChar
                0x00000b14       0x70 .\CortexM3\ARM_GCC_493\Debug\Design01.a(UART_TO_COMM.o)
                0x00000b14                UART_TO_COMM_PutChar
 .text.UART_TO_COMM_PutString
                0x00000b84       0x24 .\CortexM3\ARM_GCC_493\Debug\Design01.a(UART_TO_COMM.o)
                0x00000b84                UART_TO_COMM_PutString
 .text.UART_TO_COMM_RXISR
                0x00000ba8       0x94 .\CortexM3\ARM_GCC_493\Debug\Design01.a(UART_TO_COMM_INT.o)
                0x00000ba8                UART_TO_COMM_RXISR
 .text.UART_TO_COMM_TXISR
                0x00000c3c       0x58 .\CortexM3\ARM_GCC_493\Debug\Design01.a(UART_TO_COMM_INT.o)
                0x00000c3c                UART_TO_COMM_TXISR
 .text.UART_TO_CAMERA_Init
                0x00000c94       0x5c .\CortexM3\ARM_GCC_493\Debug\Design01.a(UART_TO_CAMERA.o)
                0x00000c94                UART_TO_CAMERA_Init
 .text.UART_TO_CAMERA_Enable
                0x00000cf0       0x50 .\CortexM3\ARM_GCC_493\Debug\Design01.a(UART_TO_CAMERA.o)
                0x00000cf0                UART_TO_CAMERA_Enable
 .text.UART_TO_CAMERA_Start
                0x00000d40       0x1c .\CortexM3\ARM_GCC_493\Debug\Design01.a(UART_TO_CAMERA.o)
                0x00000d40                UART_TO_CAMERA_Start
 .text.UART_TO_CAMERA_GetChar
                0x00000d5c       0x80 .\CortexM3\ARM_GCC_493\Debug\Design01.a(UART_TO_CAMERA.o)
                0x00000d5c                UART_TO_CAMERA_GetChar
 .text.UART_TO_CAMERA_PutChar
                0x00000ddc       0x70 .\CortexM3\ARM_GCC_493\Debug\Design01.a(UART_TO_CAMERA.o)
                0x00000ddc                UART_TO_CAMERA_PutChar
 .text.UART_TO_CAMERA_RXISR
                0x00000e4c       0x94 .\CortexM3\ARM_GCC_493\Debug\Design01.a(UART_TO_CAMERA_INT.o)
                0x00000e4c                UART_TO_CAMERA_RXISR
 .text.UART_TO_CAMERA_TXISR
                0x00000ee0       0x58 .\CortexM3\ARM_GCC_493\Debug\Design01.a(UART_TO_CAMERA_INT.o)
                0x00000ee0                UART_TO_CAMERA_TXISR
 .text.UART_TO_COMM_IntClock_Start
                0x00000f38       0x1c .\CortexM3\ARM_GCC_493\Debug\Design01.a(UART_TO_COMM_IntClock.o)
                0x00000f38                UART_TO_COMM_IntClock_Start
 .text.UART_TO_CAMERA_IntClock_Start
                0x00000f54       0x1c .\CortexM3\ARM_GCC_493\Debug\Design01.a(UART_TO_CAMERA_IntClock.o)
                0x00000f54                UART_TO_CAMERA_IntClock_Start
 .text.UART_TO_DEBUG_Init
                0x00000f70       0x18 .\CortexM3\ARM_GCC_493\Debug\Design01.a(UART_TO_DEBUG.o)
                0x00000f70                UART_TO_DEBUG_Init
 .text.UART_TO_DEBUG_Enable
                0x00000f88       0x24 .\CortexM3\ARM_GCC_493\Debug\Design01.a(UART_TO_DEBUG.o)
                0x00000f88                UART_TO_DEBUG_Enable
 .text.UART_TO_DEBUG_Start
                0x00000fac       0x1c .\CortexM3\ARM_GCC_493\Debug\Design01.a(UART_TO_DEBUG.o)
                0x00000fac                UART_TO_DEBUG_Start
 .text.UART_TO_DEBUG_IntClock_Start
                0x00000fc8       0x1c .\CortexM3\ARM_GCC_493\Debug\Design01.a(UART_TO_DEBUG_IntClock.o)
                0x00000fc8                UART_TO_DEBUG_IntClock_Start
 *fill*         0x00000fe4        0x4 
 .text          0x00000fe8       0x20 .\CortexM3\ARM_GCC_493\Debug\Design01.a(CyBootAsmGnu.o)
                0x00000fe8                CyDelayCycles
                0x00000ff8                CyEnterCriticalSection
                0x00001000                CyExitCriticalSection
 .text.__errno  0x00001008        0xc c:/program files (x86)/cypress/psoc creator/4.0/psoc creator/import/gnu/arm/4.9.3/bin/../lib/gcc/arm-none-eabi/4.9.3/../../../../arm-none-eabi/lib/armv7-m\libg_nano.a(lib_a-errno.o)
                0x00001008                __errno
 .text.__libc_init_array
                0x00001014       0x4c c:/program files (x86)/cypress/psoc creator/4.0/psoc creator/import/gnu/arm/4.9.3/bin/../lib/gcc/arm-none-eabi/4.9.3/../../../../arm-none-eabi/lib/armv7-m\libg_nano.a(lib_a-init.o)
                0x00001014                __libc_init_array
 .text.memcpy   0x00001060       0x16 c:/program files (x86)/cypress/psoc creator/4.0/psoc creator/import/gnu/arm/4.9.3/bin/../lib/gcc/arm-none-eabi/4.9.3/../../../../arm-none-eabi/lib/armv7-m\libg_nano.a(lib_a-memcpy.o)
                0x00001060                memcpy
 .text.memset   0x00001076       0x10 c:/program files (x86)/cypress/psoc creator/4.0/psoc creator/import/gnu/arm/4.9.3/bin/../lib/gcc/arm-none-eabi/4.9.3/../../../../arm-none-eabi/lib/armv7-m\libg_nano.a(lib_a-memset.o)
                0x00001076                memset
 *fill*         0x00001086        0x2 
 .text.sprintf  0x00001088       0x48 c:/program files (x86)/cypress/psoc creator/4.0/psoc creator/import/gnu/arm/4.9.3/bin/../lib/gcc/arm-none-eabi/4.9.3/../../../../arm-none-eabi/lib/armv7-m\libg_nano.a(lib_a-sprintf.o)
                0x00001088                siprintf
                0x00001088                sprintf
 .text.__ssputs_r
                0x000010d0       0xb2 c:/program files (x86)/cypress/psoc creator/4.0/psoc creator/import/gnu/arm/4.9.3/bin/../lib/gcc/arm-none-eabi/4.9.3/../../../../arm-none-eabi/lib/armv7-m\libg_nano.a(lib_a-nano-svfprintf.o)
                0x000010d0                __ssputs_r
 *fill*         0x00001182        0x2 
 .text._svfprintf_r
                0x00001184      0x1e4 c:/program files (x86)/cypress/psoc creator/4.0/psoc creator/import/gnu/arm/4.9.3/bin/../lib/gcc/arm-none-eabi/4.9.3/../../../../arm-none-eabi/lib/armv7-m\libg_nano.a(lib_a-nano-svfprintf.o)
                0x00001184                _svfiprintf_r
                0x00001184                _svfprintf_r
 .text._printf_common
                0x00001368       0xea c:/program files (x86)/cypress/psoc creator/4.0/psoc creator/import/gnu/arm/4.9.3/bin/../lib/gcc/arm-none-eabi/4.9.3/../../../../arm-none-eabi/lib/armv7-m\libg_nano.a(lib_a-nano-vfprintf_i.o)
                0x00001368                _printf_common
 *fill*         0x00001452        0x2 
 .text._printf_i
                0x00001454      0x240 c:/program files (x86)/cypress/psoc creator/4.0/psoc creator/import/gnu/arm/4.9.3/bin/../lib/gcc/arm-none-eabi/4.9.3/../../../../arm-none-eabi/lib/armv7-m\libg_nano.a(lib_a-nano-vfprintf_i.o)
                0x00001454                _printf_i
 .text.memchr   0x00001694       0x1c c:/program files (x86)/cypress/psoc creator/4.0/psoc creator/import/gnu/arm/4.9.3/bin/../lib/gcc/arm-none-eabi/4.9.3/../../../../arm-none-eabi/lib/armv7-m\libg_nano.a(lib_a-memchr.o)
                0x00001694                memchr
 .text.memmove  0x000016b0       0x36 c:/program files (x86)/cypress/psoc creator/4.0/psoc creator/import/gnu/arm/4.9.3/bin/../lib/gcc/arm-none-eabi/4.9.3/../../../../arm-none-eabi/lib/armv7-m\libg_nano.a(lib_a-memmove.o)
                0x000016b0                memmove
 *fill*         0x000016e6        0x2 
 .text._free_r  0x000016e8       0x88 c:/program files (x86)/cypress/psoc creator/4.0/psoc creator/import/gnu/arm/4.9.3/bin/../lib/gcc/arm-none-eabi/4.9.3/../../../../arm-none-eabi/lib/armv7-m\libg_nano.a(lib_a-nano-freer.o)
                0x000016e8                _free_r
 .text._malloc_r
                0x00001770       0xac c:/program files (x86)/cypress/psoc creator/4.0/psoc creator/import/gnu/arm/4.9.3/bin/../lib/gcc/arm-none-eabi/4.9.3/../../../../arm-none-eabi/lib/armv7-m\libg_nano.a(lib_a-nano-mallocr.o)
                0x00001770                _malloc_r
 .text._realloc_r
                0x0000181c       0x4c c:/program files (x86)/cypress/psoc creator/4.0/psoc creator/import/gnu/arm/4.9.3/bin/../lib/gcc/arm-none-eabi/4.9.3/../../../../arm-none-eabi/lib/armv7-m\libg_nano.a(lib_a-nano-reallocr.o)
                0x0000181c                _realloc_r
 .text._sbrk_r  0x00001868       0x20 c:/program files (x86)/cypress/psoc creator/4.0/psoc creator/import/gnu/arm/4.9.3/bin/../lib/gcc/arm-none-eabi/4.9.3/../../../../arm-none-eabi/lib/armv7-m\libg_nano.a(lib_a-sbrkr.o)
                0x00001868                _sbrk_r
 .text._malloc_usable_size_r
                0x00001888       0x14 c:/program files (x86)/cypress/psoc creator/4.0/psoc creator/import/gnu/arm/4.9.3/bin/../lib/gcc/arm-none-eabi/4.9.3/../../../../arm-none-eabi/lib/armv7-m\libg_nano.a(lib_a-nano-msizer.o)
                0x00001888                _malloc_usable_size_r
 *(.plt)
 *(.gnu.warning)
 *(.glue_7t)
 .glue_7t       0x00000000        0x0 linker stubs
 *(.glue_7)
 .glue_7        0x00000000        0x0 linker stubs
 *(.vfp11_veneer)
 .vfp11_veneer  0x00000000        0x0 linker stubs
 *(.bootloader)
 *(.ARM.extab* .gnu.linkonce.armextab.*)
 *(.gcc_except_table)

.v4_bx          0x0000189c        0x0
 .v4_bx         0x00000000        0x0 linker stubs

.iplt           0x0000189c        0x0
 .iplt          0x00000000        0x0 c:/program files (x86)/cypress/psoc creator/4.0/psoc creator/import/gnu/arm/4.9.3/bin/../lib/gcc/arm-none-eabi/4.9.3/armv7-m/crtbegin.o

.eh_frame_hdr
 *(.eh_frame_hdr)

.eh_frame       0x0000189c        0x4
 *(.eh_frame)
 .eh_frame      0x0000189c        0x0 c:/program files (x86)/cypress/psoc creator/4.0/psoc creator/import/gnu/arm/4.9.3/bin/../lib/gcc/arm-none-eabi/4.9.3/armv7-m/crtbegin.o
 .eh_frame      0x0000189c        0x4 c:/program files (x86)/cypress/psoc creator/4.0/psoc creator/import/gnu/arm/4.9.3/bin/../lib/gcc/arm-none-eabi/4.9.3/armv7-m/crtend.o
                0x000018a0                PROVIDE (__exidx_start, .)

.ARM.exidx
 *(.ARM.exidx* .gnu.linkonce.armexidx.*)
                0x000018a0                __exidx_end = .

.rodata         0x000018a0      0x258
 *(.rodata .rodata.* .gnu.linkonce.r.*)
 .rodata.str1.4
                0x000018a0       0x7a .\CortexM3\ARM_GCC_493\Debug\PSC_Communicate.o
                                 0x7c (size before relaxing)
 *fill*         0x0000191a        0x2 
 .rodata.str1.4
                0x0000191c       0x2c .\CortexM3\ARM_GCC_493\Debug\PSC_MAIN.o
 .rodata        0x00001948       0x28 .\CortexM3\ARM_GCC_493\Debug\PSC_CMD_API.o
 .rodata.str1.4
                0x00001970       0xdc .\CortexM3\ARM_GCC_493\Debug\PSC_Proc_CameraShot.o
 .rodata        0x00001a4c       0x3c .\CortexM3\ARM_GCC_493\Debug\Design01.a(cyfitter_cfg.o)
 .rodata.str1.1
                0x00001a88        0x2 c:/program files (x86)/cypress/psoc creator/4.0/psoc creator/import/gnu/arm/4.9.3/bin/../lib/gcc/arm-none-eabi/4.9.3/../../../../arm-none-eabi/lib/armv7-m\libg_nano.a(lib_a-impure.o)
 .rodata.str1.1
                0x00001a8a       0x11 c:/program files (x86)/cypress/psoc creator/4.0/psoc creator/import/gnu/arm/4.9.3/bin/../lib/gcc/arm-none-eabi/4.9.3/../../../../arm-none-eabi/lib/armv7-m\libg_nano.a(lib_a-nano-svfprintf.o)
 .rodata.str1.1
                0x00001a9b       0x22 c:/program files (x86)/cypress/psoc creator/4.0/psoc creator/import/gnu/arm/4.9.3/bin/../lib/gcc/arm-none-eabi/4.9.3/../../../../arm-none-eabi/lib/armv7-m\libg_nano.a(lib_a-nano-vfprintf_i.o)
                0x00001ac0                . = ALIGN (0x4)
 *fill*         0x00001abd        0x3 
 *(.init)
 .init          0x00001ac0        0x4 c:/program files (x86)/cypress/psoc creator/4.0/psoc creator/import/gnu/arm/4.9.3/bin/../lib/gcc/arm-none-eabi/4.9.3/armv7-m/crti.o
                0x00001ac0                _init
 .init          0x00001ac4        0x8 c:/program files (x86)/cypress/psoc creator/4.0/psoc creator/import/gnu/arm/4.9.3/bin/../lib/gcc/arm-none-eabi/4.9.3/armv7-m/crtn.o
                0x00001acc                . = ALIGN (0x4)
                0x00001acc                __preinit_array_start = .
 *(.preinit_array)
                0x00001acc                __preinit_array_end = .
                0x00001acc                . = ALIGN (0x4)
                0x00001acc                __init_array_start = .
 *(SORT(.init_array.*))
 *(.init_array)
 .init_array    0x00001acc        0x4 c:/program files (x86)/cypress/psoc creator/4.0/psoc creator/import/gnu/arm/4.9.3/bin/../lib/gcc/arm-none-eabi/4.9.3/armv7-m/crtbegin.o
 .init_array    0x00001ad0        0x4 .\CortexM3\ARM_GCC_493\Debug\Cm3Start.o
                0x00001ad4                __init_array_end = .
                0x00001ad4                . = ALIGN (0x4)
 *(.fini)
 .fini          0x00001ad4        0x4 c:/program files (x86)/cypress/psoc creator/4.0/psoc creator/import/gnu/arm/4.9.3/bin/../lib/gcc/arm-none-eabi/4.9.3/armv7-m/crti.o
                0x00001ad4                _fini
 .fini          0x00001ad8        0x8 c:/program files (x86)/cypress/psoc creator/4.0/psoc creator/import/gnu/arm/4.9.3/bin/../lib/gcc/arm-none-eabi/4.9.3/armv7-m/crtn.o
                0x00001ae0                . = ALIGN (0x4)
                0x00001ae0                __fini_array_start = .
 *(.fini_array)
 .fini_array    0x00001ae0        0x4 c:/program files (x86)/cypress/psoc creator/4.0/psoc creator/import/gnu/arm/4.9.3/bin/../lib/gcc/arm-none-eabi/4.9.3/armv7-m/crtbegin.o
 *(SORT(.fini_array.*))
                0x00001ae4                __fini_array_end = .
                0x00001ae4                . = ALIGN (0x4)
 *crtbegin.o(.ctors)
 *(EXCLUDE_FILE(*crtend.o) .ctors)
 *(SORT(.ctors.*))
 *crtend.o(.ctors)
                0x00001ae4                . = ALIGN (0x4)
 *crtbegin.o(.dtors)
 *(EXCLUDE_FILE(*crtend.o) .dtors)
 *(SORT(.dtors.*))
 *crtend.o(.dtors)
                0x00001ae4                . = ALIGN (0x4)
                0x00001ae4                __cy_regions = .
                0x00001ae4        0x4 LONG 0x1af8 __cy_region_init_ram
                0x00001ae8        0x4 LONG 0x1fff8108 __cy_region_start_data
                0x00001aec        0x4 LONG 0xb0 __cy_region_init_size_ram
                0x00001af0        0x4 LONG 0x118 __cy_region_zero_size_ram
                0x00001af4                __cy_regions_end = .
                0x00001af8                . = ALIGN (0x8)
 *fill*         0x00001af4        0x4 
                0x00001af8                _etext = .

.cy_checksum_exclude
                0x00001af8        0x0
 *(.cy_checksum_exclude)

.ramvectors     0x1fff8000      0x100
                0x1fff8000                __cy_region_start_ram = .
 *(.ramvectors)
 .ramvectors    0x1fff8000      0x100 .\CortexM3\ARM_GCC_493\Debug\Cm3Start.o
                0x1fff8000                CyRamVectors

.noinit         0x1fff8100        0x5
 *(.noinit)
 .noinit        0x1fff8100        0x4 .\CortexM3\ARM_GCC_493\Debug\Cm3Start.o
 .noinit        0x1fff8104        0x1 .\CortexM3\ARM_GCC_493\Debug\Design01.a(CyLib.o)
                0x1fff8104                CyResetStatus

.data           0x1fff8108       0xb0 load address 0x00001af8
                0x1fff8108                __cy_region_start_data = .
 *(.jcr)
 .jcr           0x1fff8108        0x0 c:/program files (x86)/cypress/psoc creator/4.0/psoc creator/import/gnu/arm/4.9.3/bin/../lib/gcc/arm-none-eabi/4.9.3/armv7-m/crtbegin.o
 .jcr           0x1fff8108        0x4 c:/program files (x86)/cypress/psoc creator/4.0/psoc creator/import/gnu/arm/4.9.3/bin/../lib/gcc/arm-none-eabi/4.9.3/armv7-m/crtend.o
 *(.got.plt)
 *(.got)
 *(.shdata)
 *(.data .data.* .gnu.linkonce.d.*)
 .data          0x1fff810c       0x34 .\CortexM3\ARM_GCC_493\Debug\PSC_Proc_CameraShot.o
 .data          0x1fff8140        0x4 .\CortexM3\ARM_GCC_493\Debug\Cm3Start.o
 .data          0x1fff8144       0x10 .\CortexM3\ARM_GCC_493\Debug\Design01.a(CyLib.o)
                0x1fff8144                cydelay_32k_ms
                0x1fff8148                cydelay_freq_khz
                0x1fff814c                cydelay_freq_mhz
                0x1fff8150                cydelay_freq_hz
 .data.impure_data
                0x1fff8154       0x60 c:/program files (x86)/cypress/psoc creator/4.0/psoc creator/import/gnu/arm/4.9.3/bin/../lib/gcc/arm-none-eabi/4.9.3/../../../../arm-none-eabi/lib/armv7-m\libg_nano.a(lib_a-impure.o)
 .data._impure_ptr
                0x1fff81b4        0x4 c:/program files (x86)/cypress/psoc creator/4.0/psoc creator/import/gnu/arm/4.9.3/bin/../lib/gcc/arm-none-eabi/4.9.3/../../../../arm-none-eabi/lib/armv7-m\libg_nano.a(lib_a-impure.o)
                0x1fff81b4                _impure_ptr
                0x1fff81b8                . = ALIGN (0x8)
 *(.ram)
                0x1fff81b8                _edata = .

.igot.plt       0x1fff81b8        0x0 load address 0x00001ba8
 .igot.plt      0x00000000        0x0 c:/program files (x86)/cypress/psoc creator/4.0/psoc creator/import/gnu/arm/4.9.3/bin/../lib/gcc/arm-none-eabi/4.9.3/armv7-m/crtbegin.o

.bss            0x1fff81b8      0x118 load address 0x00001ba8
                0x1fff81b8                PROVIDE (__bss_start__, .)
 *(.shbss)
 *(.bss .bss.* .gnu.linkonce.b.*)
 .bss           0x1fff81b8       0x1c c:/program files (x86)/cypress/psoc creator/4.0/psoc creator/import/gnu/arm/4.9.3/bin/../lib/gcc/arm-none-eabi/4.9.3/armv7-m/crtbegin.o
 .bss           0x1fff81d4       0x40 .\CortexM3\ARM_GCC_493\Debug\PSC_MAIN.o
 .bss           0x1fff8214        0x1 .\CortexM3\ARM_GCC_493\Debug\PSC_Proc_CameraShot.o
 .bss           0x1fff8215        0x9 .\CortexM3\ARM_GCC_493\Debug\Design01.a(UART_TO_COMM.o)
                0x1fff8215                UART_TO_COMM_errorStatus
                0x1fff8216                UART_TO_COMM_initVar
                0x1fff8217                UART_TO_COMM_rxBufferRead
                0x1fff8218                UART_TO_COMM_rxBufferWrite
                0x1fff8219                UART_TO_COMM_rxBufferLoopDetect
                0x1fff821a                UART_TO_COMM_rxBufferOverflow
                0x1fff821b                UART_TO_COMM_txBufferRead
                0x1fff821c                UART_TO_COMM_txBufferWrite
 .bss           0x1fff821e        0x9 .\CortexM3\ARM_GCC_493\Debug\Design01.a(UART_TO_CAMERA.o)
                0x1fff821e                UART_TO_CAMERA_errorStatus
                0x1fff821f                UART_TO_CAMERA_initVar
                0x1fff8220                UART_TO_CAMERA_rxBufferRead
                0x1fff8221                UART_TO_CAMERA_rxBufferWrite
                0x1fff8222                UART_TO_CAMERA_rxBufferLoopDetect
                0x1fff8223                UART_TO_CAMERA_rxBufferOverflow
                0x1fff8224                UART_TO_CAMERA_txBufferRead
                0x1fff8225                UART_TO_CAMERA_txBufferWrite
 .bss           0x1fff8227        0x2 .\CortexM3\ARM_GCC_493\Debug\Design01.a(UART_TO_DEBUG.o)
                0x1fff8227                UART_TO_DEBUG_initVar
 *fill*         0x1fff8229        0x3 
 .bss.__malloc_sbrk_start
                0x1fff822c        0x4 c:/program files (x86)/cypress/psoc creator/4.0/psoc creator/import/gnu/arm/4.9.3/bin/../lib/gcc/arm-none-eabi/4.9.3/../../../../arm-none-eabi/lib/armv7-m\libg_nano.a(lib_a-nano-mallocr.o)
                0x1fff822c                __malloc_sbrk_start
 .bss.__malloc_free_list
                0x1fff8230        0x4 c:/program files (x86)/cypress/psoc creator/4.0/psoc creator/import/gnu/arm/4.9.3/bin/../lib/gcc/arm-none-eabi/4.9.3/../../../../arm-none-eabi/lib/armv7-m\libg_nano.a(lib_a-nano-mallocr.o)
                0x1fff8230                __malloc_free_list
 *(COMMON)
 COMMON         0x1fff8234        0x1 .\CortexM3\ARM_GCC_493\Debug\PSC_CMD_API.o
                0x1fff8234                svPSC_CMD_RCV_STATE
 COMMON         0x1fff8235        0x1 .\CortexM3\ARM_GCC_493\Debug\PSC_Proc_CameraShot.o
                0x1fff8235                gsvPSC_PROC_STATE
 *fill*         0x1fff8236        0x2 
 COMMON         0x1fff8238       0x48 .\CortexM3\ARM_GCC_493\Debug\Design01.a(UART_TO_COMM.o)
                0x1fff8238                UART_TO_COMM_txBuffer
                0x1fff825c                UART_TO_COMM_rxBuffer
 COMMON         0x1fff8280       0x48 .\CortexM3\ARM_GCC_493\Debug\Design01.a(UART_TO_CAMERA.o)
                0x1fff8280                UART_TO_CAMERA_txBuffer
                0x1fff82a4                UART_TO_CAMERA_rxBuffer
 COMMON         0x1fff82c8        0x4 c:/program files (x86)/cypress/psoc creator/4.0/psoc creator/import/gnu/arm/4.9.3/bin/../lib/gcc/arm-none-eabi/4.9.3/../../../../arm-none-eabi/lib/armv7-m\libg_nano.a(lib_a-reent.o)
                0x1fff82c8                errno
                0x1fff82d0                . = ALIGN (0x8)
 *fill*         0x1fff82cc        0x4 
 *(.ram.b)
                0x1fff82d0                _end = .
                0x1fff82d0                __end = .
                0x1fff82d0                PROVIDE (end, .)
                0x1fff82d0                PROVIDE (__bss_end__, .)
                0x00001af8                __cy_region_init_ram = LOADADDR (.data)
                0x000000b0                __cy_region_init_size_ram = (_edata - ADDR (.data))
                0x00000118                __cy_region_zero_size_ram = (_end - _edata)

.heap           0x1fff82d0       0x80 load address 0x00001ba8
                0x1fff82d0                . = _end
                0x1fff8350                . = (. + 0x80)
 *fill*         0x1fff82d0       0x80 
                0x1fff8350                __cy_heap_limit = .

.stack          0x20007800      0x800
                0x20007800                __cy_stack_limit = .
                0x20008000                . = (. + 0x800)
 *fill*         0x20007800      0x800 
                0x00000001                ASSERT ((__cy_stack_limit >= __cy_heap_limit), region RAM overflowed with stack)
                0x00000000                cy_checksum_exclude_size = (CY_APPL_LOADABLE == 0x1)?SIZEOF (.cy_checksum_exclude):0x0
                0x00000001                ASSERT ((cy_checksum_exclude_size <= CY_CHECKSUM_EXCLUDE_SIZE), CY_BOOT: Section .cy_checksum_exclude size exceedes specified limit.)

.cyloadermeta
 *(.cyloadermeta)

.cyloadablemeta
 *(.cyloadablemeta)

.cyconfigecc    0x80000000      0x8b0
 *(.cyconfigecc)
 .cyconfigecc   0x80000000      0x8b0 .\CortexM3\ARM_GCC_493\Debug\cymetadata.o
                0x80000000                cy_meta_configecc

.cycustnvl      0x90000000        0x4
 *(.cycustnvl)
 .cycustnvl     0x90000000        0x4 .\CortexM3\ARM_GCC_493\Debug\cymetadata.o
                0x90000000                cy_meta_custnvl

.cywolatch      0x90100000        0x4
 *(.cywolatch)
 .cywolatch     0x90100000        0x4 .\CortexM3\ARM_GCC_493\Debug\cymetadata.o
                0x90100000                cy_meta_wonvl

.cyeeprom       0x90200000        0x0
 *(.cyeeprom)
                0x00000001                ASSERT ((. <= ((0x90200000 + ee_offset) + ee_size)), .cyeeprom data will not fit in EEPROM)

.cyflashprotect
                0x90400000      0x100
 *(.cyflashprotect)
 .cyflashprotect
                0x90400000      0x100 .\CortexM3\ARM_GCC_493\Debug\cymetadata.o
                0x90400000                cy_meta_flashprotect

.cymeta         0x90500000        0xc
 *(.cymeta)
 .cymeta        0x90500000        0xc .\CortexM3\ARM_GCC_493\Debug\cymetadata.o
                0x90500000                cy_metadata

.rel.dyn        0x00001ba8        0x0 load address 0x9050000c
 .rel.iplt      0x00000000        0x0 c:/program files (x86)/cypress/psoc creator/4.0/psoc creator/import/gnu/arm/4.9.3/bin/../lib/gcc/arm-none-eabi/4.9.3/armv7-m/crtbegin.o

.stab
 *(.stab)

.stabstr
 *(.stabstr)

.debug
 *(.debug)

.line
 *(.line)

.debug_srcinfo
 *(.debug_srcinfo)

.debug_sfnames
 *(.debug_sfnames)

.debug_aranges  0x00000000      0xae0
 *(.debug_aranges)
 .debug_aranges
                0x00000000       0x20 .\CortexM3\ARM_GCC_493\Debug\main.o
 .debug_aranges
                0x00000020       0x40 .\CortexM3\ARM_GCC_493\Debug\PSC_Communicate.o
 .debug_aranges
                0x00000060       0x48 .\CortexM3\ARM_GCC_493\Debug\PSC_MAIN.o
 .debug_aranges
                0x000000a8       0x80 .\CortexM3\ARM_GCC_493\Debug\PSC_CMD_API.o
 .debug_aranges
                0x00000128       0x68 .\CortexM3\ARM_GCC_493\Debug\PSC_Proc_CameraShot.o
 .debug_aranges
                0x00000190       0x28 .\CortexM3\ARM_GCC_493\Debug\Debugs.o
 .debug_aranges
                0x000001b8       0x18 .\CortexM3\ARM_GCC_493\Debug\cymetadata.o
 .debug_aranges
                0x000001d0       0x48 .\CortexM3\ARM_GCC_493\Debug\Cm3Start.o
 .debug_aranges
                0x00000218       0x58 .\CortexM3\ARM_GCC_493\Debug\Design01.a(cyfitter_cfg.o)
 .debug_aranges
                0x00000270      0x2a0 .\CortexM3\ARM_GCC_493\Debug\Design01.a(CyLib.o)
 .debug_aranges
                0x00000510       0x98 .\CortexM3\ARM_GCC_493\Debug\Design01.a(cyPm.o)
 .debug_aranges
                0x000005a8       0xf0 .\CortexM3\ARM_GCC_493\Debug\Design01.a(UART_TO_COMM.o)
 .debug_aranges
                0x00000698       0x28 .\CortexM3\ARM_GCC_493\Debug\Design01.a(UART_TO_COMM_INT.o)
 .debug_aranges
                0x000006c0       0xf0 .\CortexM3\ARM_GCC_493\Debug\Design01.a(UART_TO_CAMERA.o)
 .debug_aranges
                0x000007b0       0x28 .\CortexM3\ARM_GCC_493\Debug\Design01.a(UART_TO_CAMERA_INT.o)
 .debug_aranges
                0x000007d8       0x70 .\CortexM3\ARM_GCC_493\Debug\Design01.a(UART_TO_COMM_IntClock.o)
 .debug_aranges
                0x00000848       0x70 .\CortexM3\ARM_GCC_493\Debug\Design01.a(UART_TO_CAMERA_IntClock.o)
 .debug_aranges
                0x000008b8       0xa0 .\CortexM3\ARM_GCC_493\Debug\Design01.a(UART_TO_DEBUG.o)
 .debug_aranges
                0x00000958       0x70 .\CortexM3\ARM_GCC_493\Debug\Design01.a(UART_TO_DEBUG_IntClock.o)
 .debug_aranges
                0x000009c8       0x20 .\CortexM3\ARM_GCC_493\Debug\Design01.a(CyBootAsmGnu.o)
 .debug_aranges
                0x000009e8       0x80 .\CortexM3\ARM_GCC_493\Debug\Design01.a(CyFlash.o)
 .debug_aranges
                0x00000a68       0x78 .\CortexM3\ARM_GCC_493\Debug\Design01.a(CySpc.o)

.debug_pubnames
 *(.debug_pubnames)

.debug_info     0x00000000     0x7042
 *(.debug_info .gnu.linkonce.wi.*)
 .debug_info    0x00000000       0xdb .\CortexM3\ARM_GCC_493\Debug\main.o
 .debug_info    0x000000db      0x669 .\CortexM3\ARM_GCC_493\Debug\PSC_Communicate.o
 .debug_info    0x00000744      0x5b4 .\CortexM3\ARM_GCC_493\Debug\PSC_MAIN.o
 .debug_info    0x00000cf8      0x67b .\CortexM3\ARM_GCC_493\Debug\PSC_CMD_API.o
 .debug_info    0x00001373      0x92c .\CortexM3\ARM_GCC_493\Debug\PSC_Proc_CameraShot.o
 .debug_info    0x00001c9f      0x10e .\CortexM3\ARM_GCC_493\Debug\Debugs.o
 .debug_info    0x00001dad      0x13f .\CortexM3\ARM_GCC_493\Debug\cymetadata.o
 .debug_info    0x00001eec      0x3b3 .\CortexM3\ARM_GCC_493\Debug\Cm3Start.o
 .debug_info    0x0000229f      0x5c4 .\CortexM3\ARM_GCC_493\Debug\Design01.a(cyfitter_cfg.o)
 .debug_info    0x00002863     0x1385 .\CortexM3\ARM_GCC_493\Debug\Design01.a(CyLib.o)
 .debug_info    0x00003be8      0xa57 .\CortexM3\ARM_GCC_493\Debug\Design01.a(cyPm.o)
 .debug_info    0x0000463f      0x7d2 .\CortexM3\ARM_GCC_493\Debug\Design01.a(UART_TO_COMM.o)
 .debug_info    0x00004e11      0x17f .\CortexM3\ARM_GCC_493\Debug\Design01.a(UART_TO_COMM_INT.o)
 .debug_info    0x00004f90      0x7d2 .\CortexM3\ARM_GCC_493\Debug\Design01.a(UART_TO_CAMERA.o)
 .debug_info    0x00005762      0x17f .\CortexM3\ARM_GCC_493\Debug\Design01.a(UART_TO_CAMERA_INT.o)
 .debug_info    0x000058e1      0x283 .\CortexM3\ARM_GCC_493\Debug\Design01.a(UART_TO_COMM_IntClock.o)
 .debug_info    0x00005b64      0x283 .\CortexM3\ARM_GCC_493\Debug\Design01.a(UART_TO_CAMERA_IntClock.o)
 .debug_info    0x00005de7      0x453 .\CortexM3\ARM_GCC_493\Debug\Design01.a(UART_TO_DEBUG.o)
 .debug_info    0x0000623a      0x283 .\CortexM3\ARM_GCC_493\Debug\Design01.a(UART_TO_DEBUG_IntClock.o)
 .debug_info    0x000064bd       0x93 .\CortexM3\ARM_GCC_493\Debug\Design01.a(CyBootAsmGnu.o)
 .debug_info    0x00006550      0x608 .\CortexM3\ARM_GCC_493\Debug\Design01.a(CyFlash.o)
 .debug_info    0x00006b58      0x4ea .\CortexM3\ARM_GCC_493\Debug\Design01.a(CySpc.o)

.debug_abbrev   0x00000000     0x1f63
 *(.debug_abbrev)
 .debug_abbrev  0x00000000       0x8a .\CortexM3\ARM_GCC_493\Debug\main.o
 .debug_abbrev  0x0000008a      0x1e9 .\CortexM3\ARM_GCC_493\Debug\PSC_Communicate.o
 .debug_abbrev  0x00000273      0x1a9 .\CortexM3\ARM_GCC_493\Debug\PSC_MAIN.o
 .debug_abbrev  0x0000041c      0x1b8 .\CortexM3\ARM_GCC_493\Debug\PSC_CMD_API.o
 .debug_abbrev  0x000005d4      0x214 .\CortexM3\ARM_GCC_493\Debug\PSC_Proc_CameraShot.o
 .debug_abbrev  0x000007e8       0xb5 .\CortexM3\ARM_GCC_493\Debug\Debugs.o
 .debug_abbrev  0x0000089d       0x77 .\CortexM3\ARM_GCC_493\Debug\cymetadata.o
 .debug_abbrev  0x00000914      0x1f7 .\CortexM3\ARM_GCC_493\Debug\Cm3Start.o
 .debug_abbrev  0x00000b0b      0x212 .\CortexM3\ARM_GCC_493\Debug\Design01.a(cyfitter_cfg.o)
 .debug_abbrev  0x00000d1d      0x296 .\CortexM3\ARM_GCC_493\Debug\Design01.a(CyLib.o)
 .debug_abbrev  0x00000fb3      0x1ed .\CortexM3\ARM_GCC_493\Debug\Design01.a(cyPm.o)
 .debug_abbrev  0x000011a0      0x1b8 .\CortexM3\ARM_GCC_493\Debug\Design01.a(UART_TO_COMM.o)
 .debug_abbrev  0x00001358       0xa2 .\CortexM3\ARM_GCC_493\Debug\Design01.a(UART_TO_COMM_INT.o)
 .debug_abbrev  0x000013fa      0x1b8 .\CortexM3\ARM_GCC_493\Debug\Design01.a(UART_TO_CAMERA.o)
 .debug_abbrev  0x000015b2       0xa2 .\CortexM3\ARM_GCC_493\Debug\Design01.a(UART_TO_CAMERA_INT.o)
 .debug_abbrev  0x00001654      0x139 .\CortexM3\ARM_GCC_493\Debug\Design01.a(UART_TO_COMM_IntClock.o)
 .debug_abbrev  0x0000178d      0x139 .\CortexM3\ARM_GCC_493\Debug\Design01.a(UART_TO_CAMERA_IntClock.o)
 .debug_abbrev  0x000018c6      0x1a2 .\CortexM3\ARM_GCC_493\Debug\Design01.a(UART_TO_DEBUG.o)
 .debug_abbrev  0x00001a68      0x139 .\CortexM3\ARM_GCC_493\Debug\Design01.a(UART_TO_DEBUG_IntClock.o)
 .debug_abbrev  0x00001ba1       0x14 .\CortexM3\ARM_GCC_493\Debug\Design01.a(CyBootAsmGnu.o)
 .debug_abbrev  0x00001bb5      0x1ed .\CortexM3\ARM_GCC_493\Debug\Design01.a(CyFlash.o)
 .debug_abbrev  0x00001da2      0x1c1 .\CortexM3\ARM_GCC_493\Debug\Design01.a(CySpc.o)

.debug_line     0x00000000     0x2ec7
 *(.debug_line)
 .debug_line    0x00000000      0x163 .\CortexM3\ARM_GCC_493\Debug\main.o
 .debug_line    0x00000163      0x248 .\CortexM3\ARM_GCC_493\Debug\PSC_Communicate.o
 .debug_line    0x000003ab        0x0 .\CortexM3\ARM_GCC_493\Debug\PSC_Camera.o
 .debug_line    0x000003ab      0x24e .\CortexM3\ARM_GCC_493\Debug\PSC_MAIN.o
 .debug_line    0x000005f9      0x15a .\CortexM3\ARM_GCC_493\Debug\PSC_CMD_API.o
 .debug_line    0x00000753      0x2c1 .\CortexM3\ARM_GCC_493\Debug\PSC_Proc_CameraShot.o
 .debug_line    0x00000a14      0x179 .\CortexM3\ARM_GCC_493\Debug\Debugs.o
 .debug_line    0x00000b8d       0x51 .\CortexM3\ARM_GCC_493\Debug\cymetadata.o
 .debug_line    0x00000bde      0x24f .\CortexM3\ARM_GCC_493\Debug\Cm3Start.o
 .debug_line    0x00000e2d      0x1fd .\CortexM3\ARM_GCC_493\Debug\Design01.a(cyfitter_cfg.o)
 .debug_line    0x0000102a      0x816 .\CortexM3\ARM_GCC_493\Debug\Design01.a(CyLib.o)
 .debug_line    0x00001840      0x364 .\CortexM3\ARM_GCC_493\Debug\Design01.a(cyPm.o)
 .debug_line    0x00001ba4      0x34b .\CortexM3\ARM_GCC_493\Debug\Design01.a(UART_TO_COMM.o)
 .debug_line    0x00001eef       0xb4 .\CortexM3\ARM_GCC_493\Debug\Design01.a(UART_TO_COMM_INT.o)
 .debug_line    0x00001fa3      0x34f .\CortexM3\ARM_GCC_493\Debug\Design01.a(UART_TO_CAMERA.o)
 .debug_line    0x000022f2       0xb8 .\CortexM3\ARM_GCC_493\Debug\Design01.a(UART_TO_CAMERA_INT.o)
 .debug_line    0x000023aa      0x184 .\CortexM3\ARM_GCC_493\Debug\Design01.a(UART_TO_COMM_IntClock.o)
 .debug_line    0x0000252e      0x186 .\CortexM3\ARM_GCC_493\Debug\Design01.a(UART_TO_CAMERA_IntClock.o)
 .debug_line    0x000026b4      0x202 .\CortexM3\ARM_GCC_493\Debug\Design01.a(UART_TO_DEBUG.o)
 .debug_line    0x000028b6      0x185 .\CortexM3\ARM_GCC_493\Debug\Design01.a(UART_TO_DEBUG_IntClock.o)
 .debug_line    0x00002a3b       0x66 .\CortexM3\ARM_GCC_493\Debug\Design01.a(CyBootAsmGnu.o)
 .debug_line    0x00002aa1      0x1ea .\CortexM3\ARM_GCC_493\Debug\Design01.a(CyFlash.o)
 .debug_line    0x00002c8b      0x23c .\CortexM3\ARM_GCC_493\Debug\Design01.a(CySpc.o)

.debug_frame    0x00000000     0x1e8c
 *(.debug_frame)
 .debug_frame   0x00000000       0x2c .\CortexM3\ARM_GCC_493\Debug\main.o
 .debug_frame   0x0000002c       0xac .\CortexM3\ARM_GCC_493\Debug\PSC_Communicate.o
 .debug_frame   0x000000d8       0xb8 .\CortexM3\ARM_GCC_493\Debug\PSC_MAIN.o
 .debug_frame   0x00000190      0x130 .\CortexM3\ARM_GCC_493\Debug\PSC_CMD_API.o
 .debug_frame   0x000002c0      0x104 .\CortexM3\ARM_GCC_493\Debug\PSC_Proc_CameraShot.o
 .debug_frame   0x000003c4       0x3c .\CortexM3\ARM_GCC_493\Debug\Debugs.o
 .debug_frame   0x00000400       0xb8 .\CortexM3\ARM_GCC_493\Debug\Cm3Start.o
 .debug_frame   0x000004b8       0xe4 .\CortexM3\ARM_GCC_493\Debug\Design01.a(cyfitter_cfg.o)
 .debug_frame   0x0000059c      0x738 .\CortexM3\ARM_GCC_493\Debug\Design01.a(CyLib.o)
 .debug_frame   0x00000cd4      0x1f8 .\CortexM3\ARM_GCC_493\Debug\Design01.a(cyPm.o)
 .debug_frame   0x00000ecc      0x25c .\CortexM3\ARM_GCC_493\Debug\Design01.a(UART_TO_COMM.o)
 .debug_frame   0x00001128       0x30 .\CortexM3\ARM_GCC_493\Debug\Design01.a(UART_TO_COMM_INT.o)
 .debug_frame   0x00001158      0x25c .\CortexM3\ARM_GCC_493\Debug\Design01.a(UART_TO_CAMERA.o)
 .debug_frame   0x000013b4       0x30 .\CortexM3\ARM_GCC_493\Debug\Design01.a(UART_TO_CAMERA_INT.o)
 .debug_frame   0x000013e4       0xe0 .\CortexM3\ARM_GCC_493\Debug\Design01.a(UART_TO_COMM_IntClock.o)
 .debug_frame   0x000014c4       0xe0 .\CortexM3\ARM_GCC_493\Debug\Design01.a(UART_TO_CAMERA_IntClock.o)
 .debug_frame   0x000015a4      0x198 .\CortexM3\ARM_GCC_493\Debug\Design01.a(UART_TO_DEBUG.o)
 .debug_frame   0x0000173c       0xe0 .\CortexM3\ARM_GCC_493\Debug\Design01.a(UART_TO_DEBUG_IntClock.o)
 .debug_frame   0x0000181c      0x174 .\CortexM3\ARM_GCC_493\Debug\Design01.a(CyFlash.o)
 .debug_frame   0x00001990      0x160 .\CortexM3\ARM_GCC_493\Debug\Design01.a(CySpc.o)
 .debug_frame   0x00001af0       0x20 c:/program files (x86)/cypress/psoc creator/4.0/psoc creator/import/gnu/arm/4.9.3/bin/../lib/gcc/arm-none-eabi/4.9.3/../../../../arm-none-eabi/lib/armv7-m\libg_nano.a(lib_a-errno.o)
 .debug_frame   0x00001b10       0x28 c:/program files (x86)/cypress/psoc creator/4.0/psoc creator/import/gnu/arm/4.9.3/bin/../lib/gcc/arm-none-eabi/4.9.3/../../../../arm-none-eabi/lib/armv7-m\libg_nano.a(lib_a-exit.o)
 .debug_frame   0x00001b38       0x2c c:/program files (x86)/cypress/psoc creator/4.0/psoc creator/import/gnu/arm/4.9.3/bin/../lib/gcc/arm-none-eabi/4.9.3/../../../../arm-none-eabi/lib/armv7-m\libg_nano.a(lib_a-init.o)
 .debug_frame   0x00001b64       0x28 c:/program files (x86)/cypress/psoc creator/4.0/psoc creator/import/gnu/arm/4.9.3/bin/../lib/gcc/arm-none-eabi/4.9.3/../../../../arm-none-eabi/lib/armv7-m\libg_nano.a(lib_a-memcpy.o)
 .debug_frame   0x00001b8c       0x20 c:/program files (x86)/cypress/psoc creator/4.0/psoc creator/import/gnu/arm/4.9.3/bin/../lib/gcc/arm-none-eabi/4.9.3/../../../../arm-none-eabi/lib/armv7-m\libg_nano.a(lib_a-memset.o)
 .debug_frame   0x00001bac       0x70 c:/program files (x86)/cypress/psoc creator/4.0/psoc creator/import/gnu/arm/4.9.3/bin/../lib/gcc/arm-none-eabi/4.9.3/../../../../arm-none-eabi/lib/armv7-m\libg_nano.a(lib_a-sprintf.o)
 .debug_frame   0x00001c1c       0x8c c:/program files (x86)/cypress/psoc creator/4.0/psoc creator/import/gnu/arm/4.9.3/bin/../lib/gcc/arm-none-eabi/4.9.3/../../../../arm-none-eabi/lib/armv7-m\libg_nano.a(lib_a-nano-svfprintf.o)
 .debug_frame   0x00001ca8       0x58 c:/program files (x86)/cypress/psoc creator/4.0/psoc creator/import/gnu/arm/4.9.3/bin/../lib/gcc/arm-none-eabi/4.9.3/../../../../arm-none-eabi/lib/armv7-m\libg_nano.a(lib_a-nano-vfprintf_i.o)
 .debug_frame   0x00001d00       0x28 c:/program files (x86)/cypress/psoc creator/4.0/psoc creator/import/gnu/arm/4.9.3/bin/../lib/gcc/arm-none-eabi/4.9.3/../../../../arm-none-eabi/lib/armv7-m\libg_nano.a(lib_a-memchr.o)
 .debug_frame   0x00001d28       0x28 c:/program files (x86)/cypress/psoc creator/4.0/psoc creator/import/gnu/arm/4.9.3/bin/../lib/gcc/arm-none-eabi/4.9.3/../../../../arm-none-eabi/lib/armv7-m\libg_nano.a(lib_a-memmove.o)
 .debug_frame   0x00001d50       0x2c c:/program files (x86)/cypress/psoc creator/4.0/psoc creator/import/gnu/arm/4.9.3/bin/../lib/gcc/arm-none-eabi/4.9.3/../../../../arm-none-eabi/lib/armv7-m\libg_nano.a(lib_a-nano-freer.o)
 .debug_frame   0x00001d7c       0x2c c:/program files (x86)/cypress/psoc creator/4.0/psoc creator/import/gnu/arm/4.9.3/bin/../lib/gcc/arm-none-eabi/4.9.3/../../../../arm-none-eabi/lib/armv7-m\libg_nano.a(lib_a-nano-mallocr.o)
 .debug_frame   0x00001da8       0x3c c:/program files (x86)/cypress/psoc creator/4.0/psoc creator/import/gnu/arm/4.9.3/bin/../lib/gcc/arm-none-eabi/4.9.3/../../../../arm-none-eabi/lib/armv7-m\libg_nano.a(lib_a-nano-reallocr.o)
 .debug_frame   0x00001de4       0x2c c:/program files (x86)/cypress/psoc creator/4.0/psoc creator/import/gnu/arm/4.9.3/bin/../lib/gcc/arm-none-eabi/4.9.3/../../../../arm-none-eabi/lib/armv7-m\libg_nano.a(lib_a-sbrkr.o)
 .debug_frame   0x00001e10       0x20 c:/program files (x86)/cypress/psoc creator/4.0/psoc creator/import/gnu/arm/4.9.3/bin/../lib/gcc/arm-none-eabi/4.9.3/../../../../arm-none-eabi/lib/armv7-m\libg_nano.a(lib_a-nano-msizer.o)
 .debug_frame   0x00001e30       0x5c c:/program files (x86)/cypress/psoc creator/4.0/psoc creator/import/gnu/arm/4.9.3/bin/../lib/gcc/arm-none-eabi/4.9.3/../../../../arm-none-eabi/lib/armv7-m\libg_nano.a(lib_a-reent.o)

.debug_str      0x00000000     0x2cf4
 *(.debug_str)
 .debug_str     0x00000000      0x16e .\CortexM3\ARM_GCC_493\Debug\main.o
                                0x1af (size before relaxing)
 .debug_str     0x0000016e      0x41c .\CortexM3\ARM_GCC_493\Debug\PSC_Communicate.o
                                0x5d8 (size before relaxing)
 .debug_str     0x0000058a        0xd .\CortexM3\ARM_GCC_493\Debug\PSC_Camera.o
                                 0xe0 (size before relaxing)
 .debug_str     0x00000597      0x1af .\CortexM3\ARM_GCC_493\Debug\PSC_MAIN.o
                                0x577 (size before relaxing)
 .debug_str     0x00000746       0xfb .\CortexM3\ARM_GCC_493\Debug\PSC_CMD_API.o
                                0x51e (size before relaxing)
 .debug_str     0x00000841      0x2df .\CortexM3\ARM_GCC_493\Debug\PSC_Proc_CameraShot.o
                                0x71b (size before relaxing)
 .debug_str     0x00000b20       0x30 .\CortexM3\ARM_GCC_493\Debug\Debugs.o
                                0x1d5 (size before relaxing)
 .debug_str     0x00000b50       0x75 .\CortexM3\ARM_GCC_493\Debug\cymetadata.o
                                0x1ed (size before relaxing)
 .debug_str     0x00000bc5      0x163 .\CortexM3\ARM_GCC_493\Debug\Cm3Start.o
                                0x301 (size before relaxing)
 .debug_str     0x00000d28      0x182 .\CortexM3\ARM_GCC_493\Debug\Design01.a(cyfitter_cfg.o)
                                0x33b (size before relaxing)
 .debug_str     0x00000eaa      0x84c .\CortexM3\ARM_GCC_493\Debug\Design01.a(CyLib.o)
                                0xa3e (size before relaxing)
 .debug_str     0x000016f6      0x359 .\CortexM3\ARM_GCC_493\Debug\Design01.a(cyPm.o)
                                0x71e (size before relaxing)
 .debug_str     0x00001a4f      0x486 .\CortexM3\ARM_GCC_493\Debug\Design01.a(UART_TO_COMM.o)
                                0x6dc (size before relaxing)
 .debug_str     0x00001ed5       0x76 .\CortexM3\ARM_GCC_493\Debug\Design01.a(UART_TO_COMM_INT.o)
                                0x2e0 (size before relaxing)
 .debug_str     0x00001f4b      0x405 .\CortexM3\ARM_GCC_493\Debug\Design01.a(UART_TO_CAMERA.o)
                                0x72c (size before relaxing)
 .debug_str     0x00002350       0x56 .\CortexM3\ARM_GCC_493\Debug\Design01.a(UART_TO_CAMERA_INT.o)
                                0x2f8 (size before relaxing)
 .debug_str     0x000023a6      0x1d3 .\CortexM3\ARM_GCC_493\Debug\Design01.a(UART_TO_COMM_IntClock.o)
                                0x399 (size before relaxing)
 .debug_str     0x00002579      0x19c .\CortexM3\ARM_GCC_493\Debug\Design01.a(UART_TO_CAMERA_IntClock.o)
                                0x3b1 (size before relaxing)
 .debug_str     0x00002715      0x205 .\CortexM3\ARM_GCC_493\Debug\Design01.a(UART_TO_DEBUG.o)
                                0x452 (size before relaxing)
 .debug_str     0x0000291a      0x192 .\CortexM3\ARM_GCC_493\Debug\Design01.a(UART_TO_DEBUG_IntClock.o)
                                0x3a5 (size before relaxing)
 .debug_str     0x00002aac      0x19c .\CortexM3\ARM_GCC_493\Debug\Design01.a(CyFlash.o)
                                0x398 (size before relaxing)
 .debug_str     0x00002c48       0xac .\CortexM3\ARM_GCC_493\Debug\Design01.a(CySpc.o)
                                0x321 (size before relaxing)

.debug_loc      0x00000000     0x2e9e
 *(.debug_loc)
 .debug_loc     0x00000000      0x199 .\CortexM3\ARM_GCC_493\Debug\PSC_Communicate.o
 .debug_loc     0x00000199       0xb7 .\CortexM3\ARM_GCC_493\Debug\PSC_MAIN.o
 .debug_loc     0x00000250      0x283 .\CortexM3\ARM_GCC_493\Debug\PSC_CMD_API.o
 .debug_loc     0x000004d3      0x416 .\CortexM3\ARM_GCC_493\Debug\PSC_Proc_CameraShot.o
 .debug_loc     0x000008e9      0x144 .\CortexM3\ARM_GCC_493\Debug\Cm3Start.o
 .debug_loc     0x00000a2d      0x25a .\CortexM3\ARM_GCC_493\Debug\Design01.a(cyfitter_cfg.o)
 .debug_loc     0x00000c87      0xa11 .\CortexM3\ARM_GCC_493\Debug\Design01.a(CyLib.o)
 .debug_loc     0x00001698      0x1e4 .\CortexM3\ARM_GCC_493\Debug\Design01.a(cyPm.o)
 .debug_loc     0x0000187c      0x36c .\CortexM3\ARM_GCC_493\Debug\Design01.a(UART_TO_COMM.o)
 .debug_loc     0x00001be8       0x45 .\CortexM3\ARM_GCC_493\Debug\Design01.a(UART_TO_COMM_INT.o)
 .debug_loc     0x00001c2d      0x36c .\CortexM3\ARM_GCC_493\Debug\Design01.a(UART_TO_CAMERA.o)
 .debug_loc     0x00001f99       0x45 .\CortexM3\ARM_GCC_493\Debug\Design01.a(UART_TO_CAMERA_INT.o)
 .debug_loc     0x00001fde      0x128 .\CortexM3\ARM_GCC_493\Debug\Design01.a(UART_TO_COMM_IntClock.o)
 .debug_loc     0x00002106      0x12c .\CortexM3\ARM_GCC_493\Debug\Design01.a(UART_TO_CAMERA_IntClock.o)
 .debug_loc     0x00002232      0x1f7 .\CortexM3\ARM_GCC_493\Debug\Design01.a(UART_TO_DEBUG.o)
 .debug_loc     0x00002429      0x128 .\CortexM3\ARM_GCC_493\Debug\Design01.a(UART_TO_DEBUG_IntClock.o)
 .debug_loc     0x00002551      0x300 .\CortexM3\ARM_GCC_493\Debug\Design01.a(CyFlash.o)
 .debug_loc     0x00002851      0x64d .\CortexM3\ARM_GCC_493\Debug\Design01.a(CySpc.o)

.debug_macinfo
 *(.debug_macinfo)

.debug_ranges   0x00000000      0x968
 *(.debug_ranges)
 .debug_ranges  0x00000000       0x10 .\CortexM3\ARM_GCC_493\Debug\main.o
 .debug_ranges  0x00000010       0x30 .\CortexM3\ARM_GCC_493\Debug\PSC_Communicate.o
 .debug_ranges  0x00000040       0x38 .\CortexM3\ARM_GCC_493\Debug\PSC_MAIN.o
 .debug_ranges  0x00000078       0x70 .\CortexM3\ARM_GCC_493\Debug\PSC_CMD_API.o
 .debug_ranges  0x000000e8       0x58 .\CortexM3\ARM_GCC_493\Debug\PSC_Proc_CameraShot.o
 .debug_ranges  0x00000140       0x18 .\CortexM3\ARM_GCC_493\Debug\Debugs.o
 .debug_ranges  0x00000158       0x38 .\CortexM3\ARM_GCC_493\Debug\Cm3Start.o
 .debug_ranges  0x00000190       0x48 .\CortexM3\ARM_GCC_493\Debug\Design01.a(cyfitter_cfg.o)
 .debug_ranges  0x000001d8      0x290 .\CortexM3\ARM_GCC_493\Debug\Design01.a(CyLib.o)
 .debug_ranges  0x00000468       0x88 .\CortexM3\ARM_GCC_493\Debug\Design01.a(cyPm.o)
 .debug_ranges  0x000004f0       0xe0 .\CortexM3\ARM_GCC_493\Debug\Design01.a(UART_TO_COMM.o)
 .debug_ranges  0x000005d0       0x18 .\CortexM3\ARM_GCC_493\Debug\Design01.a(UART_TO_COMM_INT.o)
 .debug_ranges  0x000005e8       0xe0 .\CortexM3\ARM_GCC_493\Debug\Design01.a(UART_TO_CAMERA.o)
 .debug_ranges  0x000006c8       0x18 .\CortexM3\ARM_GCC_493\Debug\Design01.a(UART_TO_CAMERA_INT.o)
 .debug_ranges  0x000006e0       0x60 .\CortexM3\ARM_GCC_493\Debug\Design01.a(UART_TO_COMM_IntClock.o)
 .debug_ranges  0x00000740       0x60 .\CortexM3\ARM_GCC_493\Debug\Design01.a(UART_TO_CAMERA_IntClock.o)
 .debug_ranges  0x000007a0       0x90 .\CortexM3\ARM_GCC_493\Debug\Design01.a(UART_TO_DEBUG.o)
 .debug_ranges  0x00000830       0x60 .\CortexM3\ARM_GCC_493\Debug\Design01.a(UART_TO_DEBUG_IntClock.o)
 .debug_ranges  0x00000890       0x70 .\CortexM3\ARM_GCC_493\Debug\Design01.a(CyFlash.o)
 .debug_ranges  0x00000900       0x68 .\CortexM3\ARM_GCC_493\Debug\Design01.a(CySpc.o)

.comment        0x00000000       0x70
 .comment       0x00000000       0x70 .\CortexM3\ARM_GCC_493\Debug\main.o
                                 0x71 (size before relaxing)
 .comment       0x00000000       0x71 .\CortexM3\ARM_GCC_493\Debug\PSC_Communicate.o
 .comment       0x00000000       0x71 .\CortexM3\ARM_GCC_493\Debug\PSC_Camera.o
 .comment       0x00000000       0x71 .\CortexM3\ARM_GCC_493\Debug\PSC_MAIN.o
 .comment       0x00000000       0x71 .\CortexM3\ARM_GCC_493\Debug\PSC_CMD_API.o
 .comment       0x00000000       0x71 .\CortexM3\ARM_GCC_493\Debug\PSC_Proc_CameraShot.o
 .comment       0x00000000       0x71 .\CortexM3\ARM_GCC_493\Debug\Debugs.o
 .comment       0x00000000       0x71 .\CortexM3\ARM_GCC_493\Debug\cymetadata.o
 .comment       0x00000000       0x71 .\CortexM3\ARM_GCC_493\Debug\Cm3Start.o
 .comment       0x00000000       0x71 .\CortexM3\ARM_GCC_493\Debug\Design01.a(cyfitter_cfg.o)
 .comment       0x00000000       0x71 .\CortexM3\ARM_GCC_493\Debug\Design01.a(CyLib.o)
 .comment       0x00000000       0x71 .\CortexM3\ARM_GCC_493\Debug\Design01.a(cyPm.o)
 .comment       0x00000000       0x71 .\CortexM3\ARM_GCC_493\Debug\Design01.a(UART_TO_COMM.o)
 .comment       0x00000000       0x71 .\CortexM3\ARM_GCC_493\Debug\Design01.a(UART_TO_COMM_INT.o)
 .comment       0x00000000       0x71 .\CortexM3\ARM_GCC_493\Debug\Design01.a(UART_TO_CAMERA.o)
 .comment       0x00000000       0x71 .\CortexM3\ARM_GCC_493\Debug\Design01.a(UART_TO_CAMERA_INT.o)
 .comment       0x00000000       0x71 .\CortexM3\ARM_GCC_493\Debug\Design01.a(UART_TO_COMM_IntClock.o)
 .comment       0x00000000       0x71 .\CortexM3\ARM_GCC_493\Debug\Design01.a(UART_TO_CAMERA_IntClock.o)
 .comment       0x00000000       0x71 .\CortexM3\ARM_GCC_493\Debug\Design01.a(UART_TO_DEBUG.o)
 .comment       0x00000000       0x71 .\CortexM3\ARM_GCC_493\Debug\Design01.a(UART_TO_DEBUG_IntClock.o)
 .comment       0x00000000       0x71 .\CortexM3\ARM_GCC_493\Debug\Design01.a(CyFlash.o)
 .comment       0x00000000       0x71 .\CortexM3\ARM_GCC_493\Debug\Design01.a(CySpc.o)

.debug_weaknames
 *(.debug_weaknames)

.debug_funcnames
 *(.debug_funcnames)

.debug_typenames
 *(.debug_typenames)

.debug_varnames
 *(.debug_varnames)

.note.gnu.arm.ident
 *(.note.gnu.arm.ident)

.ARM.attributes
                0x00000000       0x29
 *(.ARM.attributes)
 .ARM.attributes
                0x00000000       0x1d c:/program files (x86)/cypress/psoc creator/4.0/psoc creator/import/gnu/arm/4.9.3/bin/../lib/gcc/arm-none-eabi/4.9.3/armv7-m/crti.o
 .ARM.attributes
                0x0000001d       0x2d c:/program files (x86)/cypress/psoc creator/4.0/psoc creator/import/gnu/arm/4.9.3/bin/../lib/gcc/arm-none-eabi/4.9.3/armv7-m/crtbegin.o
 .ARM.attributes
                0x0000004a       0x1b c:/program files (x86)/cypress/psoc creator/4.0/psoc creator/import/gnu/arm/4.9.3/bin/../lib/gcc/arm-none-eabi/4.9.3/../../../../arm-none-eabi/lib/armv7-m/crt0.o
 .ARM.attributes
                0x00000065       0x33 .\CortexM3\ARM_GCC_493\Debug\main.o
 .ARM.attributes
                0x00000098       0x33 .\CortexM3\ARM_GCC_493\Debug\PSC_Communicate.o
 .ARM.attributes
                0x000000cb       0x33 .\CortexM3\ARM_GCC_493\Debug\PSC_Camera.o
 .ARM.attributes
                0x000000fe       0x33 .\CortexM3\ARM_GCC_493\Debug\PSC_MAIN.o
 .ARM.attributes
                0x00000131       0x33 .\CortexM3\ARM_GCC_493\Debug\PSC_CMD_API.o
 .ARM.attributes
                0x00000164       0x33 .\CortexM3\ARM_GCC_493\Debug\PSC_Proc_CameraShot.o
 .ARM.attributes
                0x00000197       0x33 .\CortexM3\ARM_GCC_493\Debug\Debugs.o
 .ARM.attributes
                0x000001ca       0x33 .\CortexM3\ARM_GCC_493\Debug\cymetadata.o
 .ARM.attributes
                0x000001fd       0x33 .\CortexM3\ARM_GCC_493\Debug\Cm3Start.o
 .ARM.attributes
                0x00000230       0x33 .\CortexM3\ARM_GCC_493\Debug\Design01.a(cyfitter_cfg.o)
 .ARM.attributes
                0x00000263       0x33 .\CortexM3\ARM_GCC_493\Debug\Design01.a(CyLib.o)
 .ARM.attributes
                0x00000296       0x33 .\CortexM3\ARM_GCC_493\Debug\Design01.a(cyPm.o)
 .ARM.attributes
                0x000002c9       0x33 .\CortexM3\ARM_GCC_493\Debug\Design01.a(UART_TO_COMM.o)
 .ARM.attributes
                0x000002fc       0x33 .\CortexM3\ARM_GCC_493\Debug\Design01.a(UART_TO_COMM_INT.o)
 .ARM.attributes
                0x0000032f       0x33 .\CortexM3\ARM_GCC_493\Debug\Design01.a(UART_TO_CAMERA.o)
 .ARM.attributes
                0x00000362       0x33 .\CortexM3\ARM_GCC_493\Debug\Design01.a(UART_TO_CAMERA_INT.o)
 .ARM.attributes
                0x00000395       0x33 .\CortexM3\ARM_GCC_493\Debug\Design01.a(UART_TO_COMM_IntClock.o)
 .ARM.attributes
                0x000003c8       0x33 .\CortexM3\ARM_GCC_493\Debug\Design01.a(UART_TO_CAMERA_IntClock.o)
 .ARM.attributes
                0x000003fb       0x33 .\CortexM3\ARM_GCC_493\Debug\Design01.a(UART_TO_DEBUG.o)
 .ARM.attributes
                0x0000042e       0x33 .\CortexM3\ARM_GCC_493\Debug\Design01.a(UART_TO_DEBUG_IntClock.o)
 .ARM.attributes
                0x00000461       0x21 .\CortexM3\ARM_GCC_493\Debug\Design01.a(CyBootAsmGnu.o)
 .ARM.attributes
                0x00000482       0x33 .\CortexM3\ARM_GCC_493\Debug\Design01.a(CyFlash.o)
 .ARM.attributes
                0x000004b5       0x33 .\CortexM3\ARM_GCC_493\Debug\Design01.a(CySpc.o)
 .ARM.attributes
                0x000004e8       0x2d c:/program files (x86)/cypress/psoc creator/4.0/psoc creator/import/gnu/arm/4.9.3/bin/../lib/gcc/arm-none-eabi/4.9.3/../../../../arm-none-eabi/lib/armv7-m\libg_nano.a(lib_a-errno.o)
 .ARM.attributes
                0x00000515       0x2d c:/program files (x86)/cypress/psoc creator/4.0/psoc creator/import/gnu/arm/4.9.3/bin/../lib/gcc/arm-none-eabi/4.9.3/../../../../arm-none-eabi/lib/armv7-m\libg_nano.a(lib_a-exit.o)
 .ARM.attributes
                0x00000542       0x2d c:/program files (x86)/cypress/psoc creator/4.0/psoc creator/import/gnu/arm/4.9.3/bin/../lib/gcc/arm-none-eabi/4.9.3/../../../../arm-none-eabi/lib/armv7-m\libg_nano.a(lib_a-impure.o)
 .ARM.attributes
                0x0000056f       0x2d c:/program files (x86)/cypress/psoc creator/4.0/psoc creator/import/gnu/arm/4.9.3/bin/../lib/gcc/arm-none-eabi/4.9.3/../../../../arm-none-eabi/lib/armv7-m\libg_nano.a(lib_a-init.o)
 .ARM.attributes
                0x0000059c       0x2d c:/program files (x86)/cypress/psoc creator/4.0/psoc creator/import/gnu/arm/4.9.3/bin/../lib/gcc/arm-none-eabi/4.9.3/../../../../arm-none-eabi/lib/armv7-m\libg_nano.a(lib_a-memcpy.o)
 .ARM.attributes
                0x000005c9       0x2d c:/program files (x86)/cypress/psoc creator/4.0/psoc creator/import/gnu/arm/4.9.3/bin/../lib/gcc/arm-none-eabi/4.9.3/../../../../arm-none-eabi/lib/armv7-m\libg_nano.a(lib_a-memset.o)
 .ARM.attributes
                0x000005f6       0x2d c:/program files (x86)/cypress/psoc creator/4.0/psoc creator/import/gnu/arm/4.9.3/bin/../lib/gcc/arm-none-eabi/4.9.3/../../../../arm-none-eabi/lib/armv7-m\libg_nano.a(lib_a-sprintf.o)
 .ARM.attributes
                0x00000623       0x2d c:/program files (x86)/cypress/psoc creator/4.0/psoc creator/import/gnu/arm/4.9.3/bin/../lib/gcc/arm-none-eabi/4.9.3/../../../../arm-none-eabi/lib/armv7-m\libg_nano.a(lib_a-nano-svfprintf.o)
 .ARM.attributes
                0x00000650       0x2d c:/program files (x86)/cypress/psoc creator/4.0/psoc creator/import/gnu/arm/4.9.3/bin/../lib/gcc/arm-none-eabi/4.9.3/../../../../arm-none-eabi/lib/armv7-m\libg_nano.a(lib_a-nano-vfprintf_i.o)
 .ARM.attributes
                0x0000067d       0x2d c:/program files (x86)/cypress/psoc creator/4.0/psoc creator/import/gnu/arm/4.9.3/bin/../lib/gcc/arm-none-eabi/4.9.3/../../../../arm-none-eabi/lib/armv7-m\libg_nano.a(lib_a-memchr.o)
 .ARM.attributes
                0x000006aa       0x2d c:/program files (x86)/cypress/psoc creator/4.0/psoc creator/import/gnu/arm/4.9.3/bin/../lib/gcc/arm-none-eabi/4.9.3/../../../../arm-none-eabi/lib/armv7-m\libg_nano.a(lib_a-memmove.o)
 .ARM.attributes
                0x000006d7       0x2d c:/program files (x86)/cypress/psoc creator/4.0/psoc creator/import/gnu/arm/4.9.3/bin/../lib/gcc/arm-none-eabi/4.9.3/../../../../arm-none-eabi/lib/armv7-m\libg_nano.a(lib_a-nano-freer.o)
 .ARM.attributes
                0x00000704       0x2d c:/program files (x86)/cypress/psoc creator/4.0/psoc creator/import/gnu/arm/4.9.3/bin/../lib/gcc/arm-none-eabi/4.9.3/../../../../arm-none-eabi/lib/armv7-m\libg_nano.a(lib_a-nano-mallocr.o)
 .ARM.attributes
                0x00000731       0x2d c:/program files (x86)/cypress/psoc creator/4.0/psoc creator/import/gnu/arm/4.9.3/bin/../lib/gcc/arm-none-eabi/4.9.3/../../../../arm-none-eabi/lib/armv7-m\libg_nano.a(lib_a-nano-reallocr.o)
 .ARM.attributes
                0x0000075e       0x2d c:/program files (x86)/cypress/psoc creator/4.0/psoc creator/import/gnu/arm/4.9.3/bin/../lib/gcc/arm-none-eabi/4.9.3/../../../../arm-none-eabi/lib/armv7-m\libg_nano.a(lib_a-sbrkr.o)
 .ARM.attributes
                0x0000078b       0x2d c:/program files (x86)/cypress/psoc creator/4.0/psoc creator/import/gnu/arm/4.9.3/bin/../lib/gcc/arm-none-eabi/4.9.3/../../../../arm-none-eabi/lib/armv7-m\libg_nano.a(lib_a-nano-msizer.o)
 .ARM.attributes
                0x000007b8       0x2d c:/program files (x86)/cypress/psoc creator/4.0/psoc creator/import/gnu/arm/4.9.3/bin/../lib/gcc/arm-none-eabi/4.9.3/../../../../arm-none-eabi/lib/armv7-m\libg_nano.a(lib_a-reent.o)
 .ARM.attributes
                0x000007e5       0x2d c:/program files (x86)/cypress/psoc creator/4.0/psoc creator/import/gnu/arm/4.9.3/bin/../lib/gcc/arm-none-eabi/4.9.3/armv7-m/crtend.o
 .ARM.attributes
                0x00000812       0x1d c:/program files (x86)/cypress/psoc creator/4.0/psoc creator/import/gnu/arm/4.9.3/bin/../lib/gcc/arm-none-eabi/4.9.3/armv7-m/crtn.o

/DISCARD/
 *(.note.GNU-stack)
OUTPUT(.\CortexM3\ARM_GCC_493\Debug\Design01.elf elf32-littlearm)
