ARM GAS  C:\Users\youkan\AppData\Local\Temp\ccNKQIoJ.s 			page 1


   1              		.syntax unified
   2              		.cpu cortex-m3
   3              		.fpu softvfp
   4              		.eabi_attribute 20, 1
   5              		.eabi_attribute 21, 1
   6              		.eabi_attribute 23, 3
   7              		.eabi_attribute 24, 1
   8              		.eabi_attribute 25, 1
   9              		.eabi_attribute 26, 1
  10              		.eabi_attribute 30, 1
  11              		.eabi_attribute 34, 1
  12              		.eabi_attribute 18, 4
  13              		.thumb
  14              		.file	"PSC_Camera.c"
  15              		.text
  16              	.Ltext0:
  17              		.cfi_sections	.debug_frame
  18              	.Letext0:
  19              		.section	.debug_line,"",%progbits
  20              	.Ldebug_line0:
  21              		.section	.debug_str,"MS",%progbits,1
  22              	.LASF0:
  23 0000 5053435F 		.ascii	"PSC_Camera.c\000"
  23      43616D65 
  23      72612E63 
  23      00
  24              	.LASF1:
  25 000d 474E5520 		.ascii	"GNU C 4.9.3 20150303 (release) [ARM/embedded-4_9-br"
  25      4320342E 
  25      392E3320 
  25      32303135 
  25      30333033 
  26 0040 616E6368 		.ascii	"anch revision 221220] -mcpu=cortex-m3 -mthumb -g -O"
  26      20726576 
  26      6973696F 
  26      6E203232 
  26      31323230 
  27 0073 67202D66 		.ascii	"g -ffunction-sections -ffat-lto-objects\000"
  27      66756E63 
  27      74696F6E 
  27      2D736563 
  27      74696F6E 
  28              	.LASF2:
  29 009b 433A5C55 		.ascii	"C:\\Users\\youkan\\Documents\\GitHub\\camera03\\Wor"
  29      73657273 
  29      5C796F75 
  29      6B616E5C 
  29      446F6375 
  30 00c8 6B737061 		.ascii	"kspace06\\Design01.cydsn\000"
  30      63653036 
  30      5C446573 
  30      69676E30 
  30      312E6379 
  31              		.ident	"GCC: (GNU Tools for ARM Embedded Processors) 4.9.3 20150303 (release) [ARM/embedded-4_9-br
